{"event": "JOB_START", "worker": "pid-5468-cuda:0", "job": {"id": 4, "run_type": "formal", "backbone": "convnext_tiny", "method": "ours_ft", "fold": 0, "priority": 0, "status": "PENDING", "worker": null, "device": null, "started": null, "completed": null, "returncode": null, "log_path": null, "error": null}, "command": ["<LOCAL_PATH>", "<LOCAL_PATH>", "--backbone", "convnext_tiny", "--method", "ours_ft", "--fold", "0", "--device", "cuda:0", "--run-type", "formal"]}
{"event": "JOB_END", "worker": "pid-5468-cuda:0", "job_id": 4, "returncode": 0, "log": "<LOCAL_PATH>"}
{"event": "JOB_START", "worker": "pid-5468-cuda:0", "job": {"id": 7, "run_type": "formal", "backbone": "resnet50", "method": "ours_ft", "fold": 1, "priority": 0, "status": "PENDING", "worker": null, "device": null, "started": null, "completed": null, "returncode": null, "log_path": null, "error": null}, "command": ["<LOCAL_PATH>", "<LOCAL_PATH>", "--backbone", "resnet50", "--method", "ours_ft", "--fold", "1", "--device", "cuda:0", "--run-type", "formal"]}
{"event": "JOB_END", "worker": "pid-5468-cuda:0", "job_id": 7, "returncode": 0, "log": "<LOCAL_PATH>"}
{"event": "JOB_START", "worker": "pid-5468-cuda:0", "job": {"id": 13, "run_type": "formal", "backbone": "resnet50", "method": "ours_ft", "fold": 2, "priority": 0, "status": "PENDING", "worker": null, "device": null, "started": null, "completed": null, "returncode": null, "log_path": null, "error": null}, "command": ["<LOCAL_PATH>", "<LOCAL_PATH>", "--backbone", "resnet50", "--method", "ours_ft", "--fold", "2", "--device", "cuda:0", "--run-type", "formal"]}
{"event": "JOB_END", "worker": "pid-5468-cuda:0", "job_id": 13, "returncode": 0, "log": "<LOCAL_PATH>"}
{"event": "JOB_START", "worker": "pid-5468-cuda:0", "job": {"id": 19, "run_type": "formal", "backbone": "resnet50", "method": "ours_ft", "fold": 3, "priority": 0, "status": "PENDING", "worker": null, "device": null, "started": null, "completed": null, "returncode": null, "log_path": null, "error": null}, "command": ["<LOCAL_PATH>", "<LOCAL_PATH>", "--backbone", "resnet50", "--method", "ours_ft", "--fold", "3", "--device", "cuda:0", "--run-type", "formal"]}
{"event": "JOB_END", "worker": "pid-5468-cuda:0", "job_id": 19, "returncode": 0, "log": "<LOCAL_PATH>"}
{"event": "JOB_START", "worker": "pid-5468-cuda:0", "job": {"id": 25, "run_type": "formal", "backbone": "resnet50", "method": "ours_ft", "fold": 4, "priority": 0, "status": "PENDING", "worker": null, "device": null, "started": null, "completed": null, "returncode": null, "log_path": null, "error": null}, "command": ["<LOCAL_PATH>", "<LOCAL_PATH>", "--backbone", "resnet50", "--method", "ours_ft", "--fold", "4", "--device", "cuda:0", "--run-type", "formal"]}
{"event": "JOB_END", "worker": "pid-5468-cuda:0", "job_id": 25, "returncode": 0, "log": "<LOCAL_PATH>"}
{"event": "JOB_START", "worker": "pid-5468-cuda:0", "job": {"id": 2, "run_type": "formal", "backbone": "resnet50", "method": "progressive", "fold": 0, "priority": 1, "status": "PENDING", "worker": null, "device": null, "started": null, "completed": null, "returncode": null, "log_path": null, "error": null}, "command": ["<LOCAL_PATH>", "<LOCAL_PATH>", "--backbone", "resnet50", "--method", "progressive", "--fold", "0", "--device", "cuda:0", "--run-type", "formal"]}
{"event": "JOB_END", "worker": "pid-5468-cuda:0", "job_id": 2, "returncode": 0, "log": "<LOCAL_PATH>"}
{"event": "JOB_START", "worker": "pid-5468-cuda:0", "job": {"id": 8, "run_type": "formal", "backbone": "resnet50", "method": "progressive", "fold": 1, "priority": 1, "status": "PENDING", "worker": null, "device": null, "started": null, "completed": null, "returncode": null, "log_path": null, "error": null}, "command": ["<LOCAL_PATH>", "<LOCAL_PATH>", "--backbone", "resnet50", "--method", "progressive", "--fold", "1", "--device", "cuda:0", "--run-type", "formal"]}
{"event": "JOB_END", "worker": "pid-5468-cuda:0", "job_id": 8, "returncode": 0, "log": "<LOCAL_PATH>"}
{"event": "JOB_START", "worker": "pid-5468-cuda:0", "job": {"id": 14, "run_type": "formal", "backbone": "resnet50", "method": "progressive", "fold": 2, "priority": 1, "status": "PENDING", "worker": null, "device": null, "started": null, "completed": null, "returncode": null, "log_path": null, "error": null}, "command": ["<LOCAL_PATH>", "<LOCAL_PATH>", "--backbone", "resnet50", "--method", "progressive", "--fold", "2", "--device", "cuda:0", "--run-type", "formal"]}
{"event": "JOB_END", "worker": "pid-5468-cuda:0", "job_id": 14, "returncode": 0, "log": "<LOCAL_PATH>"}
{"event": "JOB_START", "worker": "pid-5468-cuda:0", "job": {"id": 20, "run_type": "formal", "backbone": "resnet50", "method": "progressive", "fold": 3, "priority": 1, "status": "PENDING", "worker": null, "device": null, "started": null, "completed": null, "returncode": null, "log_path": null, "error": null}, "command": ["<LOCAL_PATH>", "<LOCAL_PATH>", "--backbone", "resnet50", "--method", "progressive", "--fold", "3", "--device", "cuda:0", "--run-type", "formal"]}
{"event": "JOB_END", "worker": "pid-5468-cuda:0", "job_id": 20, "returncode": 0, "log": "<LOCAL_PATH>"}
{"event": "JOB_START", "worker": "pid-5468-cuda:0", "job": {"id": 26, "run_type": "formal", "backbone": "resnet50", "method": "progressive", "fold": 4, "priority": 1, "status": "PENDING", "worker": null, "device": null, "started": null, "completed": null, "returncode": null, "log_path": null, "error": null}, "command": ["<LOCAL_PATH>", "<LOCAL_PATH>", "--backbone", "resnet50", "--method", "progressive", "--fold", "4", "--device", "cuda:0", "--run-type", "formal"]}
{"event": "JOB_END", "worker": "pid-5468-cuda:0", "job_id": 26, "returncode": 0, "log": "<LOCAL_PATH>"}
{"event": "JOB_START", "worker": "pid-5468-cuda:0", "job": {"id": 29, "run_type": "formal", "backbone": "convnext_tiny", "method": "progressive", "fold": 4, "priority": 1, "status": "PENDING", "worker": null, "device": null, "started": null, "completed": null, "returncode": null, "log_path": null, "error": null}, "command": ["<LOCAL_PATH>", "<LOCAL_PATH>", "--backbone", "convnext_tiny", "--method", "progressive", "--fold", "4", "--device", "cuda:0", "--run-type", "formal"]}
{"event": "JOB_END", "worker": "pid-5468-cuda:0", "job_id": 29, "returncode": 0, "log": "<LOCAL_PATH>"}
{"event": "JOB_START", "worker": "pid-5468-cuda:0", "job": {"id": 9, "run_type": "formal", "backbone": "resnet50", "method": "dfag", "fold": 1, "priority": 2, "status": "PENDING", "worker": null, "device": null, "started": null, "completed": null, "returncode": null, "log_path": null, "error": null}, "command": ["<LOCAL_PATH>", "<LOCAL_PATH>", "--backbone", "resnet50", "--method", "dfag", "--fold", "1", "--device", "cuda:0", "--run-type", "formal"]}
{"event": "JOB_END", "worker": "pid-5468-cuda:0", "job_id": 9, "returncode": 0, "log": "<LOCAL_PATH>"}
{"event": "JOB_START", "worker": "pid-5468-cuda:0", "job": {"id": 15, "run_type": "formal", "backbone": "resnet50", "method": "dfag", "fold": 2, "priority": 2, "status": "PENDING", "worker": null, "device": null, "started": null, "completed": null, "returncode": null, "log_path": null, "error": null}, "command": ["<LOCAL_PATH>", "<LOCAL_PATH>", "--backbone", "resnet50", "--method", "dfag", "--fold", "2", "--device", "cuda:0", "--run-type", "formal"]}
{"event": "JOB_END", "worker": "pid-5468-cuda:0", "job_id": 15, "returncode": 0, "log": "<LOCAL_PATH>"}
{"event": "JOB_START", "worker": "pid-5468-cuda:0", "job": {"id": 21, "run_type": "formal", "backbone": "resnet50", "method": "dfag", "fold": 3, "priority": 2, "status": "PENDING", "worker": null, "device": null, "started": null, "completed": null, "returncode": null, "log_path": null, "error": null}, "command": ["<LOCAL_PATH>", "<LOCAL_PATH>", "--backbone", "resnet50", "--method", "dfag", "--fold", "3", "--device", "cuda:0", "--run-type", "formal"]}
{"event": "JOB_END", "worker": "pid-5468-cuda:0", "job_id": 21, "returncode": 0, "log": "<LOCAL_PATH>"}
{"event": "JOB_START", "worker": "pid-5468-cuda:0", "job": {"id": 27, "run_type": "formal", "backbone": "resnet50", "method": "dfag", "fold": 4, "priority": 2, "status": "PENDING", "worker": null, "device": null, "started": null, "completed": null, "returncode": null, "log_path": null, "error": null}, "command": ["<LOCAL_PATH>", "<LOCAL_PATH>", "--backbone", "resnet50", "--method", "dfag", "--fold", "4", "--device", "cuda:0", "--run-type", "formal"]}
{"event": "JOB_END", "worker": "pid-5468-cuda:0", "job_id": 27, "returncode": 0, "log": "<LOCAL_PATH>"}
{"event": "QUEUE_COMPLETE", "COMPLETE": 30}
