{"event": "JOB_START", "worker": "pid-55740-cuda:1", "job": {"id": 1, "run_type": "formal", "backbone": "resnet50", "method": "ours_ft", "fold": 0, "priority": 0, "status": "PENDING", "worker": null, "device": null, "started": null, "completed": null, "returncode": null, "log_path": null, "error": null}, "command": ["<LOCAL_PATH>", "<LOCAL_PATH>", "--backbone", "resnet50", "--method", "ours_ft", "--fold", "0", "--device", "cuda:1", "--run-type", "formal"]}
{"event": "JOB_END", "worker": "pid-55740-cuda:1", "job_id": 1, "returncode": 0, "log": "<LOCAL_PATH>"}
{"event": "JOB_START", "worker": "pid-55740-cuda:1", "job": {"id": 10, "run_type": "formal", "backbone": "convnext_tiny", "method": "ours_ft", "fold": 1, "priority": 0, "status": "PENDING", "worker": null, "device": null, "started": null, "completed": null, "returncode": null, "log_path": null, "error": null}, "command": ["<LOCAL_PATH>", "<LOCAL_PATH>", "--backbone", "convnext_tiny", "--method", "ours_ft", "--fold", "1", "--device", "cuda:1", "--run-type", "formal"]}
{"event": "JOB_END", "worker": "pid-55740-cuda:1", "job_id": 10, "returncode": 0, "log": "<LOCAL_PATH>"}
{"event": "JOB_START", "worker": "pid-55740-cuda:1", "job": {"id": 16, "run_type": "formal", "backbone": "convnext_tiny", "method": "ours_ft", "fold": 2, "priority": 0, "status": "PENDING", "worker": null, "device": null, "started": null, "completed": null, "returncode": null, "log_path": null, "error": null}, "command": ["<LOCAL_PATH>", "<LOCAL_PATH>", "--backbone", "convnext_tiny", "--method", "ours_ft", "--fold", "2", "--device", "cuda:1", "--run-type", "formal"]}
{"event": "JOB_END", "worker": "pid-55740-cuda:1", "job_id": 16, "returncode": 0, "log": "<LOCAL_PATH>"}
{"event": "JOB_START", "worker": "pid-55740-cuda:1", "job": {"id": 22, "run_type": "formal", "backbone": "convnext_tiny", "method": "ours_ft", "fold": 3, "priority": 0, "status": "PENDING", "worker": null, "device": null, "started": null, "completed": null, "returncode": null, "log_path": null, "error": null}, "command": ["<LOCAL_PATH>", "<LOCAL_PATH>", "--backbone", "convnext_tiny", "--method", "ours_ft", "--fold", "3", "--device", "cuda:1", "--run-type", "formal"]}
{"event": "JOB_END", "worker": "pid-55740-cuda:1", "job_id": 22, "returncode": 0, "log": "<LOCAL_PATH>"}
{"event": "JOB_START", "worker": "pid-55740-cuda:1", "job": {"id": 28, "run_type": "formal", "backbone": "convnext_tiny", "method": "ours_ft", "fold": 4, "priority": 0, "status": "PENDING", "worker": null, "device": null, "started": null, "completed": null, "returncode": null, "log_path": null, "error": null}, "command": ["<LOCAL_PATH>", "<LOCAL_PATH>", "--backbone", "convnext_tiny", "--method", "ours_ft", "--fold", "4", "--device", "cuda:1", "--run-type", "formal"]}
{"event": "JOB_END", "worker": "pid-55740-cuda:1", "job_id": 28, "returncode": 0, "log": "<LOCAL_PATH>"}
{"event": "JOB_START", "worker": "pid-55740-cuda:1", "job": {"id": 5, "run_type": "formal", "backbone": "convnext_tiny", "method": "progressive", "fold": 0, "priority": 1, "status": "PENDING", "worker": null, "device": null, "started": null, "completed": null, "returncode": null, "log_path": null, "error": null}, "command": ["<LOCAL_PATH>", "<LOCAL_PATH>", "--backbone", "convnext_tiny", "--method", "progressive", "--fold", "0", "--device", "cuda:1", "--run-type", "formal"]}
{"event": "JOB_END", "worker": "pid-55740-cuda:1", "job_id": 5, "returncode": 0, "log": "<LOCAL_PATH>"}
{"event": "JOB_START", "worker": "pid-55740-cuda:1", "job": {"id": 11, "run_type": "formal", "backbone": "convnext_tiny", "method": "progressive", "fold": 1, "priority": 1, "status": "PENDING", "worker": null, "device": null, "started": null, "completed": null, "returncode": null, "log_path": null, "error": null}, "command": ["<LOCAL_PATH>", "<LOCAL_PATH>", "--backbone", "convnext_tiny", "--method", "progressive", "--fold", "1", "--device", "cuda:1", "--run-type", "formal"]}
{"event": "JOB_END", "worker": "pid-55740-cuda:1", "job_id": 11, "returncode": 0, "log": "<LOCAL_PATH>"}
{"event": "JOB_START", "worker": "pid-55740-cuda:1", "job": {"id": 17, "run_type": "formal", "backbone": "convnext_tiny", "method": "progressive", "fold": 2, "priority": 1, "status": "PENDING", "worker": null, "device": null, "started": null, "completed": null, "returncode": null, "log_path": null, "error": null}, "command": ["<LOCAL_PATH>", "<LOCAL_PATH>", "--backbone", "convnext_tiny", "--method", "progressive", "--fold", "2", "--device", "cuda:1", "--run-type", "formal"]}
{"event": "JOB_END", "worker": "pid-55740-cuda:1", "job_id": 17, "returncode": 0, "log": "<LOCAL_PATH>"}
{"event": "JOB_START", "worker": "pid-55740-cuda:1", "job": {"id": 23, "run_type": "formal", "backbone": "convnext_tiny", "method": "progressive", "fold": 3, "priority": 1, "status": "PENDING", "worker": null, "device": null, "started": null, "completed": null, "returncode": null, "log_path": null, "error": null}, "command": ["<LOCAL_PATH>", "<LOCAL_PATH>", "--backbone", "convnext_tiny", "--method", "progressive", "--fold", "3", "--device", "cuda:1", "--run-type", "formal"]}
{"event": "JOB_END", "worker": "pid-55740-cuda:1", "job_id": 23, "returncode": 0, "log": "<LOCAL_PATH>"}
{"event": "JOB_START", "worker": "pid-55740-cuda:1", "job": {"id": 3, "run_type": "formal", "backbone": "resnet50", "method": "dfag", "fold": 0, "priority": 2, "status": "PENDING", "worker": null, "device": null, "started": null, "completed": null, "returncode": null, "log_path": null, "error": null}, "command": ["<LOCAL_PATH>", "<LOCAL_PATH>", "--backbone", "resnet50", "--method", "dfag", "--fold", "0", "--device", "cuda:1", "--run-type", "formal"]}
{"event": "JOB_END", "worker": "pid-55740-cuda:1", "job_id": 3, "returncode": 0, "log": "<LOCAL_PATH>"}
{"event": "JOB_START", "worker": "pid-55740-cuda:1", "job": {"id": 6, "run_type": "formal", "backbone": "convnext_tiny", "method": "dfag", "fold": 0, "priority": 2, "status": "PENDING", "worker": null, "device": null, "started": null, "completed": null, "returncode": null, "log_path": null, "error": null}, "command": ["<LOCAL_PATH>", "<LOCAL_PATH>", "--backbone", "convnext_tiny", "--method", "dfag", "--fold", "0", "--device", "cuda:1", "--run-type", "formal"]}
{"event": "JOB_END", "worker": "pid-55740-cuda:1", "job_id": 6, "returncode": 0, "log": "<LOCAL_PATH>"}
{"event": "JOB_START", "worker": "pid-55740-cuda:1", "job": {"id": 12, "run_type": "formal", "backbone": "convnext_tiny", "method": "dfag", "fold": 1, "priority": 2, "status": "PENDING", "worker": null, "device": null, "started": null, "completed": null, "returncode": null, "log_path": null, "error": null}, "command": ["<LOCAL_PATH>", "<LOCAL_PATH>", "--backbone", "convnext_tiny", "--method", "dfag", "--fold", "1", "--device", "cuda:1", "--run-type", "formal"]}
{"event": "JOB_END", "worker": "pid-55740-cuda:1", "job_id": 12, "returncode": 0, "log": "<LOCAL_PATH>"}
{"event": "JOB_START", "worker": "pid-55740-cuda:1", "job": {"id": 18, "run_type": "formal", "backbone": "convnext_tiny", "method": "dfag", "fold": 2, "priority": 2, "status": "PENDING", "worker": null, "device": null, "started": null, "completed": null, "returncode": null, "log_path": null, "error": null}, "command": ["<LOCAL_PATH>", "<LOCAL_PATH>", "--backbone", "convnext_tiny", "--method", "dfag", "--fold", "2", "--device", "cuda:1", "--run-type", "formal"]}
{"event": "JOB_END", "worker": "pid-55740-cuda:1", "job_id": 18, "returncode": 0, "log": "<LOCAL_PATH>"}
{"event": "JOB_START", "worker": "pid-55740-cuda:1", "job": {"id": 24, "run_type": "formal", "backbone": "convnext_tiny", "method": "dfag", "fold": 3, "priority": 2, "status": "PENDING", "worker": null, "device": null, "started": null, "completed": null, "returncode": null, "log_path": null, "error": null}, "command": ["<LOCAL_PATH>", "<LOCAL_PATH>", "--backbone", "convnext_tiny", "--method", "dfag", "--fold", "3", "--device", "cuda:1", "--run-type", "formal"]}
{"event": "JOB_END", "worker": "pid-55740-cuda:1", "job_id": 24, "returncode": 0, "log": "<LOCAL_PATH>"}
{"event": "JOB_START", "worker": "pid-55740-cuda:1", "job": {"id": 30, "run_type": "formal", "backbone": "convnext_tiny", "method": "dfag", "fold": 4, "priority": 2, "status": "PENDING", "worker": null, "device": null, "started": null, "completed": null, "returncode": null, "log_path": null, "error": null}, "command": ["<LOCAL_PATH>", "<LOCAL_PATH>", "--backbone", "convnext_tiny", "--method", "dfag", "--fold", "4", "--device", "cuda:1", "--run-type", "formal"]}
{"event": "JOB_END", "worker": "pid-55740-cuda:1", "job_id": 30, "returncode": 0, "log": "<LOCAL_PATH>"}
{"event": "QUEUE_COMPLETE", "COMPLETE": 30}
