{"event": "ARCHITECTURE_AUDIT", "status": "PASS", "architecture": {"backbone": "Inception-ResNet-v2", "backbone_pooled_dimension": 1536, "projection": "1536 -> 256", "hidden_dimension": 256, "mapping_blocks": 5, "mapping_block": "Linear -> BatchNorm1d -> SiLU -> Dropout(p=0.3)", "shortcut_formula": "f_i = F_i(f_(i-1)) + 0.7 * f_(i-1)", "aggregation": "mean(f1,...,f5) -> Dropout(p=0.2)", "classifier": "256 -> 176", "mhsa": false, "terminal_residual": false, "dfag": false, "branches": 1}, "counts": {"backbone_parameters": 54306464, "baseline_head_parameters": 2807984, "baseline_total_parameters": 57114448, "progressive_head_parameters": 770224, "progressive_total_parameters": 55076688, "historical_progressive_sanity_reference": 55076688}, "checks": {"backbone_is_inception_resnet_v2": true, "backbone_pooled_dimension_1536": true, "single_backbone_branch": true, "head_is_frozen_matched_shortcut_implementation": true, "projection_1536_to_256": true, "five_mapping_blocks": true, "shortcut_lambda_0_7": true, "mapping_sequence_linear_bn_silu_dropout": true, "aggregation_dropout_0_2": true, "classifier_256_to_176": true, "mhsa_absent": true, "mhsa_layernorm_absent": true, "mean_f1_to_f5_exact": true, "terminal_residual_absent": true, "forward_source_uses_stage_mean": true, "baseline_head_formula_match": true, "progressive_head_formula_match": true, "same_backbone_parameter_count": true, "baseline_total_reference_exact": true, "progressive_total_accounting_exact": true}}
{"event": "WAITING_FOR_UPSTREAM", "status": "RUNNING_TRAINING", "time": 1786783347.3006938}
{"event": "WAITING_FOR_UPSTREAM", "status": "RUNNING_TRAINING", "time": 1786784247.4228957}
{"event": "WAITING_FOR_UPSTREAM", "status": "RUNNING_TRAINING", "time": 1786785147.5507548}
{"event": "WAITING_FOR_UPSTREAM", "status": "RUNNING_TRAINING", "time": 1786786047.6586497}
{"event": "WAITING_FOR_UPSTREAM", "status": "RUNNING_TRAINING", "time": 1786786947.792932}
{"event": "WAITING_FOR_UPSTREAM", "status": "RUNNING_TRAINING", "time": 1786787847.9303148}
{"event": "WAITING_FOR_UPSTREAM", "status": "RUNNING_TRAINING", "time": 1786788748.0384233}
{"event": "WAITING_FOR_UPSTREAM", "status": "RUNNING_TRAINING", "time": 1786789648.1311243}
{"event": "WAITING_FOR_UPSTREAM", "status": "RUNNING_TRAINING", "time": 1786790548.2562923}
{"event": "WAITING_FOR_UPSTREAM", "status": "RUNNING_TRAINING", "time": 1786791448.3623343}
{"event": "WAITING_FOR_UPSTREAM", "status": "RUNNING_TRAINING", "time": 1786792348.4603887}
{"event": "WAITING_FOR_UPSTREAM", "status": "RUNNING_TRAINING", "time": 1786793248.5638661}
{"event": "WAITING_FOR_UPSTREAM", "status": "RUNNING_TRAINING", "time": 1786794148.66283}
{"event": "WAITING_FOR_UPSTREAM", "status": "RUNNING_TRAINING", "time": 1786795048.7973921}
{"event": "WAITING_FOR_UPSTREAM", "status": "RUNNING_TRAINING", "time": 1786795948.928108}
{"event": "WAITING_FOR_UPSTREAM", "status": "RUNNING_TRAINING", "time": 1786796849.0700982}
{"event": "WAITING_FOR_UPSTREAM", "status": "RUNNING_TRAINING", "time": 1786797749.178797}
{"event": "WAITING_FOR_UPSTREAM", "status": "RUNNING_TRAINING", "time": 1786798649.3251605}
{"event": "WAITING_FOR_UPSTREAM", "status": "RUNNING_TRAINING", "time": 1786799549.4411373}
{"event": "WAITING_FOR_UPSTREAM", "status": "RUNNING_TRAINING", "time": 1786800449.5798428}
{"event": "WAITING_FOR_UPSTREAM", "status": "RUNNING_TRAINING", "time": 1786801349.6948981}
{"event": "WAITING_FOR_UPSTREAM", "status": "RUNNING_TRAINING", "time": 1786802249.8122885}
{"event": "WAITING_FOR_UPSTREAM", "status": "RUNNING_TRAINING", "time": 1786803149.945802}
{"event": "WAITING_FOR_UPSTREAM", "status": "RUNNING_TRAINING", "time": 1786804050.0514326}
{"event": "WAITING_FOR_UPSTREAM", "status": "RUNNING_TRAINING", "time": 1786804950.1360114}
{"event": "WAITING_FOR_UPSTREAM", "status": "RUNNING_TRAINING", "time": 1786805850.2620506}
{"event": "WAITING_FOR_UPSTREAM", "status": "RUNNING_TRAINING", "time": 1786806750.3779647}
{"event": "WAITING_FOR_UPSTREAM", "status": "RUNNING_TRAINING", "time": 1786807650.4966843}
{"event": "WAITING_FOR_UPSTREAM", "status": "RUNNING_TRAINING", "time": 1786808550.5963476}
{"event": "WAITING_FOR_UPSTREAM", "status": "RUNNING_TRAINING", "time": 1786809450.711822}
{"event": "WAITING_FOR_UPSTREAM", "status": "RUNNING_TRAINING", "time": 1786810350.8048794}
{"event": "WAITING_FOR_UPSTREAM", "status": "RUNNING_TRAINING", "time": 1786811250.9574814}
{"event": "WAITING_FOR_UPSTREAM", "status": "RUNNING_TRAINING", "time": 1786812151.1120281}
{"event": "WAITING_FOR_UPSTREAM", "status": "RUNNING_TRAINING", "time": 1786813051.252453}
{"event": "WAITING_FOR_UPSTREAM", "status": "RUNNING_TRAINING", "time": 1786813951.38161}
{"event": "WAITING_FOR_UPSTREAM", "status": "RUNNING_TRAINING", "time": 1786814851.506836}
{"event": "WAITING_FOR_UPSTREAM", "status": "RUNNING_TRAINING", "time": 1786815751.6207666}
{"event": "WAITING_FOR_UPSTREAM", "status": "RUNNING_TRAINING", "time": 1786816651.7579854}
{"event": "WAITING_FOR_UPSTREAM", "status": "RUNNING_TRAINING", "time": 1786817551.8911622}
{"event": "WAITING_FOR_UPSTREAM", "status": "RUNNING_TRAINING", "time": 1786818451.9921014}
{"event": "WAITING_FOR_UPSTREAM", "status": "RUNNING_TRAINING", "time": 1786819352.0898464}
{"event": "WAITING_FOR_UPSTREAM", "status": "RUNNING_TRAINING", "time": 1786820252.2146919}
{"event": "UPSTREAM_COMPLETE", "time": 1786820732.298363}
{"event": "GPU_IDLE_CHECK", "gpu": 0, "utilization_percent": 6, "memory_used_mib": 151, "idle": true, "consecutive_idle_samples": 1}
{"event": "GPU_IDLE_CHECK", "gpu": 0, "utilization_percent": 6, "memory_used_mib": 151, "idle": true, "consecutive_idle_samples": 2}
{"event": "GPU_IDLE_CHECK", "gpu": 0, "utilization_percent": 3, "memory_used_mib": 151, "idle": true, "consecutive_idle_samples": 3}
{"event": "PROFILE_COMPLETE", "status": "COMPLETE_PASS", "payload": {"configuration": "Progressive Head", "branches": 1, "resident_params_exact": 55076688, "resident_params_m": 55.076688, "head_params_exact": 770224, "head_params_m": 0.770224, "flops_g": 26.310728256, "latency_mean_ms": 14.250305080413819, "latency_sd_ms": 0.3507444862285848, "peak_memory_mib": 239.26806640625, "input_resolution": [299, 299], "batch_size": 1, "precision": "FP32", "warmup": 10, "measured_forwards": 30, "architecture_audit": {"status": "PASS", "architecture": {"backbone": "Inception-ResNet-v2", "backbone_pooled_dimension": 1536, "projection": "1536 -> 256", "hidden_dimension": 256, "mapping_blocks": 5, "mapping_block": "Linear -> BatchNorm1d -> SiLU -> Dropout(p=0.3)", "shortcut_formula": "f_i = F_i(f_(i-1)) + 0.7 * f_(i-1)", "aggregation": "mean(f1,...,f5) -> Dropout(p=0.2)", "classifier": "256 -> 176", "mhsa": false, "terminal_residual": false, "dfag": false, "branches": 1}, "counts": {"backbone_parameters": 54306464, "baseline_head_parameters": 2807984, "baseline_total_parameters": 57114448, "progressive_head_parameters": 770224, "progressive_total_parameters": 55076688, "historical_progressive_sanity_reference": 55076688}, "checks": {"backbone_is_inception_resnet_v2": true, "backbone_pooled_dimension_1536": true, "single_backbone_branch": true, "head_is_frozen_matched_shortcut_implementation": true, "projection_1536_to_256": true, "five_mapping_blocks": true, "shortcut_lambda_0_7": true, "mapping_sequence_linear_bn_silu_dropout": true, "aggregation_dropout_0_2": true, "classifier_256_to_176": true, "mhsa_absent": true, "mhsa_layernorm_absent": true, "mean_f1_to_f5_exact": true, "terminal_residual_absent": true, "forward_source_uses_stage_mean": true, "baseline_head_formula_match": true, "progressive_head_formula_match": true, "same_backbone_parameter_count": true, "baseline_total_reference_exact": true, "progressive_total_accounting_exact": true}}, "ours_ft_sanity": {"reference": {"resident_params_exact": 57114448, "flops_g": 26.314805824, "latency_mean_ms": 13.614704036712647, "peak_memory_mib": 247.87841796875}, "measured": {"configuration": "Ours-FT", "branches": 1, "resident_params_exact": 57114448, "resident_params_m": 57.114448, "backbone_params_exact": 54306464, "head_params_exact": 2807984, "head_params_m": 2.807984, "thop_reported_params": 57053904, "macs": 13157402912.0, "macs_g": 13.157402912, "flops": 26314805824.0, "flops_g": 26.314805824, "latency_mean_ms": 14.131068801879882, "latency_sd_ms": 0.8956734715600198, "latency_samples_ms": [14.087488174438477, 14.414752006530762, 14.327775955200195, 14.02940845489502, 14.015775680541992, 14.095392227172852, 13.848992347717285, 13.592576026916504, 13.57532787322998, 13.875328063964844, 14.354528427124023, 14.248767852783203, 13.788960456848145, 13.681119918823242, 13.656736373901367, 13.630399703979492, 14.13584041595459, 13.7009916305542, 13.648991584777832, 13.849247932434082, 14.038047790527344, 13.96889591217041, 15.226143836975098, 18.52137565612793, 14.216032028198242, 14.215167999267578, 13.892959594726562, 13.916000366210938, 13.72873592376709, 13.650303840637207], "peak_memory_bytes": 259919360, "peak_memory_mib": 247.87841796875, "allocated_before_timed_forward_bytes": 243097088, "warmup": 10, "measured_forwards": 30}, "checks": {"params_exact": true, "flops_within_0_1_percent": true, "latency_within_25_percent": true, "peak_memory_within_15_percent": true}, "status": "PASS"}, "progressive_profile": {"configuration": "Progressive Head", "branches": 1, "resident_params_exact": 55076688, "resident_params_m": 55.076688, "backbone_params_exact": 54306464, "head_params_exact": 770224, "head_params_m": 0.770224, "thop_reported_params": 55016144, "macs": 13155364128.0, "macs_g": 13.155364128, "flops": 26310728256.0, "flops_g": 26.310728256, "latency_mean_ms": 14.250305080413819, "latency_sd_ms": 0.3507444862285848, "latency_samples_ms": [14.202816009521484, 14.01471996307373, 13.898303985595703, 14.01740837097168, 14.098079681396484, 14.136032104492188, 13.93945598602295, 13.911423683166504, 13.975839614868164, 14.005599975585938, 14.144288063049316, 14.367520332336426, 14.339584350585938, 14.141440391540527, 13.981280326843262, 14.290495872497559, 14.529919624328613, 14.402527809143066, 14.198944091796875, 14.54969596862793, 14.235648155212402, 14.075519561767578, 15.67734432220459, 14.932640075683594, 14.479424476623535, 14.17251205444336, 14.196767807006836, 14.263008117675781, 14.283007621765137, 14.047904014587402], "peak_memory_bytes": 250890752, "peak_memory_mib": 239.26806640625, "allocated_before_timed_forward_bytes": 234220544, "warmup": 10, "measured_forwards": 30}, "relative_to_ours_ft": {"total_params": {"absolute": -2037760.0, "percent": -3.5678537941923207}, "head_params": {"absolute": -2037760.0, "percent": -72.57021407529388}, "flops": {"absolute": -0.004077567999999587, "percent": -0.015495337595387864}, "latency": {"absolute": 0.11923627853393626, "percent": 0.8437881111871314}, "peak_memory": {"absolute": -8.6103515625, "percent": -3.473618894721809}}, "environment": {"created_local": "2026-08-16T03:07:35+0800", "python": "3.9.23", "python_executable": "<LOCAL_PATH>", "torch": "2.8.0+cu129", "cuda_runtime": "12.9", "cudnn": 91002, "gpu": "NVIDIA GeForce RTX 5070 Ti", "gpu_index": 0, "thop": "0.1.1", "profiler_call": "thop.profile(model, inputs=(1x3x299x299 FP32,), verbose=False)", "flops_convention": "2 x THOP MACs, identical to the historical complexity table", "profiler_limitation": "THOP module hooks may omit unsupported functional operations; both rows use the identical route and version.", "latency_protocol": "torch.no_grad; 10 warm-up; 30 forwards; CUDA synchronize immediately before and after every measured forward", "memory_protocol": "absolute torch.cuda.max_memory_allocated after reset_peak_memory_stats"}, "forbidden_actions": {"training": false, "optimizer": false, "backward": false, "bn_refresh": false, "checkpoint_modification": false, "dfag": false, "mhsa": false, "terminal_residual": false, "tta": false, "five_fold_ensemble": false}, "profiling_integrity": "PASS"}}
